// Jest Snapshot v1, https://goo.gl/fbAQLP

exports[`Snapshot test Button component 1`] = `
<View
  accessible={true}
  collapsable={false}
  focusable={true}
  nativeID="animatedComponent"
  onClick={[Function]}
  onResponderGrant={[Function]}
  onResponderMove={[Function]}
  onResponderRelease={[Function]}
  onResponderTerminate={[Function]}
  onResponderTerminationRequest={[Function]}
  onStartShouldSetResponder={[Function]}
  style={
    Object {
      "opacity": 1,
    }
  }
>
  <View
    style={
      Array [
        Object {
          "alignItems": "center",
          "backgroundColor": "#663a82",
          "borderRadius": 6,
          "height": 50,
          "justifyContent": "center",
          "marginBottom": 50,
        },
      ]
    }
  >
    <Text
      style={
        Array [
          Object {
            "color": "white",
            "fontWeight": "800",
          },
        ]
      }
    >
      Clique a√≠
    </Text>
  </View>
</View>
`;
